2026-10-04 19:23:16 bruno-simon=14 lusion=98 active-theory=8 locomotive=10 studiofreight=22 igloo=13
2026-10-04 19:53:42 CST snapshot files=bruno-simon:14 lusion:98 active-theory:8 locomotive:10 studiofreight:22 igloo:13 stalled=none
2026-10-05 04:23:02 bruno-simon:14 lusion:98 active-theory:8 locomotive:10 studiofreight:22 igloo:13 STALLED=all6
2026-10-04 20:53 OK product-hero-3d collection-showcase unboxing-scroll product-viewer-lite launch-countdown-3d product-launch-hero-3d build-gallery.mjs（首轮，全部新鲜，无停滞）
2026-10-05 07:09 CST | product-hero-3d=STALLED | collection-showcase=ok | unboxing-scroll=ok | product-viewer-lite=STALLED | launch-countdown-3d=ok | product-launch-hero-3d=ok | build-gallery.mjs=ok
2026-10-05 07:24 CST | product-hero-3d=STALLED | collection-showcase=STALLED | unboxing-scroll=STALLED | product-viewer-lite=STALLED | launch-countdown-3d=STALLED | product-launch-hero-3d=STALLED | build-gallery.mjs=STALLED
2026-10-04 23:53:17 culture-values-3d=active(26.7min), careers-3d=active(39.6min), teaser-reveal-3d=active(26.8min), lead-magnet-3d=active(27.1min), build-gallery.mjs=active(2.8min)
2026-10-05 08:24 CST | culture-values-3d=ok careers-3d=ok teaser-reveal-3d=ok lead-magnet-3d=ok lesson-steps-3d=ok timeline-lesson-3d=ok code-typing-3d=ok whiteboard-derive-3d=ok formula-derive-3d=ok lab-experiment-3d=ok quiz-check-3d=ok flashcards-3d=ok build-gallery.mjs=ok | 2/3波 9/9 均已交付，无在飞波次，安静属预期
2026-10-05 00:53:18 | team-showcase-3d:active-changed; product-hero-3d:active-changed; product-configurator:active-changed; collection-showcase:active-changed; unboxing-scroll:active-changed; product-compare:active-changed; product-viewer-lite:active-changed; admin-dashboard-3d:active-changed; admin-kanban-3d:active-changed; admin-login-3d:active-changed; company-hero-3d:active-changed; company-timeline-3d:active-changed; launch-countdown-3d:active-changed; pricing-3d:active-changed; testimonial-3d:active-changed; feature-showcase-3d:active-changed; cta-finale-3d:active-changed; product-launch-hero-3d:active-changed; cart-fly-3d:active-changed; lookbook-scroll:active-changed; ops-monitor-3d:active-changed; admin-calendar-3d:active-changed; culture-values-3d:active-changed; careers-3d:active-changed; teaser-reveal-3d:active-changed; lead-magnet-3d:active-changed; lesson-steps-3d:active-changed; timeline-lesson-3d:active-changed; code-typing-3d:active-changed; whiteboard-derive-3d:active-changed; formula-derive-3d:active-changed; lab-experiment-3d:active-changed; quiz-check-3d:active-changed; flashcards-3d:active-changed; build-gallery.mjs:fresh
2026-10-05 01:23:37 STALLED=0; all 35 targets unchanged vs last snapshot; waves 1/2/3 all delivered per PROGRESS.md; quiet expected
2026-10-05 09:53:13 all-delivered quiet: second/third wave 9/9 done, 0 changes vs prev snapshot, STALLED=0
2026-10-05 02:24 | STALLED=0 | culture-values-3d=quiet(177.4min) careers-3d=quiet(190.3min) teaser-reveal-3d=quiet(177.5min) lead-magnet-3d=quiet(177.8min) lesson-steps-3d=quiet(164.3min) timeline-lesson-3d=quiet(164.5min) code-typing-3d=quiet(162.6min) whiteboard-derive-3d=quiet(162.4min) formula-derive-3d=quiet(161.1min) lab-experiment-3d=quiet(158.7min) quiz-check-3d=quiet(162.0min) flashcards-3d=quiet(159.8min) build-gallery.mjs=quiet(153.5min)
2026-10-05 10:53 CST | STALLED=0 | 13 targets all unchanged vs prev snapshot; waves 1/2/3 all delivered per PROGRESS.md; quiet expected
2026-10-05 11:23 CST fx-lab-watch: 无在飞波次（1/2/3波已交付 19/19、9/9、9/9）；12目录+build-gallery.mjs 与上轮快照相比 0 变化；STALLED=0，交付后预期安静。
2026-10-05 11:53 CST | 13 targets checked, 0 changed vs last snapshot, all quiet-expected-delivered (waves 1/2/3 done per PROGRESS.md); STALLED=0
2026-10-05 04:23:28 saas-landing=active store-home=active launch-page=active company-home=active campaign-page=active portfolio-page=active restaurant-page=active docs-home=active build-gallery.mjs=active
2026-10-05 04:53:20 wave4: saas-landing active(18min,6f) store-home active(16min,6f) launch-page active(22min,6f) company-home active(20min,6f) campaign-page active(19min,5f) portfolio-page active(24min,5f) restaurant-page active(20min,5f) docs-home active(24min,6f) build-gallery.mjs active(35min) STALLED=0
2026-10-05 05:23:23 wave=4 saas-landing=48min store-home=47min launch-page=52min company-home=50min campaign-page=49min portfolio-page=54min restaurant-page=50min docs-home=55min build-gallery.mjs=65min STALLED=0 note=wave4-delivered-quiet
[2026-10-05 13:53 CST] fx-lab-watch: waves 1-4 all delivered (no wave 5 in flight); 9 targets all delivered-quiet (unchanged mtimes; build-gallery.mjs 95min quiet but wave-4 delivered); 0 STALLED
2026-10-05 06:23 | 4波全交付(19/19,9/9,9/9,9/9)，无在飞波次 | 9目标mtime与上轮快照逐一相同(零新增零变化，age 107-126min>90min) | 交付后预期安静，不记STALLED | 无异常
2026-10-05 06:53:21 CST fx-lab-watch: 9/9 delivered-quiet, all mtimes unchanged vs last snapshot, no wave 5 in flight, no STALLED
2026-10-05 15:23 CST saas-landing(2.8h delivered-quiet) store-home(2.8h delivered-quiet) launch-page(2.9h delivered-quiet) company-home(2.9h delivered-quiet) campaign-page(2.8h delivered-quiet) portfolio-page(2.9h delivered-quiet) restaurant-page(2.9h delivered-quiet) docs-home(2.9h delivered-quiet) build-gallery.mjs(3.1h delivered-quiet) => OK
2026-10-05 07:53 fx-lab-watch: 9 targets checked (8 dirs + build-gallery.mjs), all unchanged vs prior snapshot, all waves 1-4 delivered per PROGRESS.md -> delivered-quiet, no STALLED
2026-10-05 08:23:20 wave5全部8套(18-28min前更新)+build-gallery.mjs(18min) 活跃，交付后预期状态，无STALLED
2026-10-05 16:53:21 CST fx-lab-watch: 9/9 delivered-quiet (wave5 dirs + build-gallery.mjs, all mtimes unchanged vs prior snapshot, ages 48-58min); waves 1-5 all 9/9 delivered per PROGRESS.md, no wave 6 in flight; no STALLED
2026-10-05 17:23:02 | wave1-5 all delivered 9/9, no wave 6 in flight | 8 page dirs + build-gallery.mjs: all unchanged vs last snapshot (mtimes 79-89min old, <90min), delivered-quiet, no STALLED
1791194047 wave6-active-8(0-15min) wave5-delivered-quiet gallery-quiet(109min) STALLED=0
2026-10-05 18:23:45 CST wave1-4:delivered-quiet wave5:delivered-quiet wave6:delivered-quiet(active 20-45min post-delivery) build-gallery.mjs:delivered-quiet(active 18min post-delivery) STALLED:none
2026-10-05 10:53:40 watch: 59 targets (58 dirs + build-gallery.mjs), all delivered-quiet, 0 changed vs prev, 0 STALLED
2026-10-05 11:23:22 UTC | 59 targets, 0 changed, 0 STALLED (all 6 waves delivered, expected quiet)
2026-10-05 11:53 round: in-flight=none (all 6 waves delivered, 58 dirs + build-gallery.mjs); changed=0; STALLED=0
2026-10-05 12:23:38 round: changed=none stalled=none
2026-10-05 20:53:02 CST active=19 delivered-quiet=64 not-started=0 STALLED=0 newdirs=bike-page,camera-page,cleaning-page,florist-page,resale-page,ski-page
2026-10-05 21:23:17 CST active=8 (bike/camera/cleaning/florist/resale/ski-page/watch-brand-page/cloud-page) delivered-quiet=76 STALLED=0 (wave 8 dirs growing: ages 0-29min, all changed vs last snapshot; PROGRESS.md waves 1-7 delivered 66 sets)
2026-10-05 21:57:08 CST round: PROGRESS.md waves 1-8 all delivered 9/9 (74 sets); wave 9 detected (counseling/dating/esports/evcharge/farmfresh/kidspark/salon/security-page) all active & growing + tools/build-gallery.mjs active + shots active; wave8 dirs quiet<90min (post-delivery tail); 0 STALLED
2026-10-05 14:25:43 targets=91 delivered-quiet=73 active=11 quiet-but-fresh=7 STALLED=none (PROGRESS.md: waves 1-9 all 9/9 done; wave2 4 dirs quiet ~15h expected)
2026-10-05 14:55:29 UTC wave10-inflight=8(eldercare craftbeer swim carwash wedding-plan sportswear campgear scriptmurder, age<=15min, not-yet-in-PROGRESS.md) gallery-age=39min w9-dirs-age=40-58min STALLED=none
[2026-10-05 15:25] dirs=99 changed=5 stalled=0 note=十波全部交付，无在飞波次
2026-10-05 15:54:28 | targets=99 in-progress=11 stalled=0
2026-10-05 16:25:18 waves=all-delivered new_dirs=0 stalled=none
2026-10-05 16:54:29 | targets=97 template-dirs + build-gallery.mjs | changed=0 | stalled=0 | all delivered-quiet (no in-flight wave in PROGRESS.md)
2026-10-05 17:25:09 UTC
2026-10-05 17:25:15 UTC 全 99 个目标零变化（无新增/无变化），10 波已全部交付，无新开工目录，STALLED=0
2026-10-06 01:54:45 CST snapshot dirs=99 stalled=none newest=[('tools', 176.1), ('tools/build-gallery.mjs', 176.1), ('shots', 177.1), ('scriptmurder-page', 178.2), ('campgear-page', 178.4), ('sportswear-page', 178.6)] note=10波全部已交付无在飞波次_均为交付后预期安静
2026-10-05 18:24:09 UTC | culture-values-3d:delivered-quiet careers-3d:delivered-quiet teaser-reveal-3d:delivered-quiet lead-magnet-3d:delivered-quiet tools/build-gallery.mjs:delivered-quiet | STALLED=none
2026-10-05 18:53:34 | dirs=99 | STALLED=无 | note=十波全部交付，无在飞波次
2026-10-05 19:23:41 in-flight=none all-10-waves-delivered quiet-total-dirs=98
2026-10-06 03:53 CST fx-lab-watch: no in-flight wave (waves 1-10 all delivered per PROGRESS.md); 99 dirs + tools all unchanged vs prev snapshot; STALLED=none
2026-10-06 04:23 CST fx-lab-watch: no in-flight wave (waves 1-10 all delivered); 98 dirs + tools/build-gallery.mjs unchanged vs prev snapshot (float-noise only); STALLED=none
2026-10-06 04:53 CST fx-lab-watch: no in-flight wave (waves 1-10 all delivered); all dirs + tools/build-gallery.mjs unchanged vs prev snapshot; STALLED=none
[2026-10-05 21:23:17] scan: 99 targets, all delivered-quiet, unchanged vs prev, STALLED=none, in-flight wave=none
2026-10-06 05:53 CST fx-lab-watch: no in-flight wave (waves 1-10 all delivered); all dirs + tools/build-gallery.mjs unchanged vs prev snapshot; STALLED=none
2026-10-06 06:23 CST fx-lab-watch: no in-flight wave (waves 1-10 all delivered); all dirs + tools/build-gallery.mjs unchanged vs prev snapshot; STALLED=none
2026-10-05 22:53 CST fx-lab-watch: no in-flight wave (waves 1-10 all delivered); all dirs + tools/build-gallery.mjs unchanged vs prev snapshot; STALLED=none
2026-10-05 23:23:42 no-in-flight all-delivered quiet; stalled=[]
2026-10-05 23:54:28 | culture-values-3d=files:15/age:1467min/delivered-quiet | careers-3d=files:13/age:1480min/delivered-quiet | teaser-reveal-3d=files:13/age:1467min/delivered-quiet | lead-magnet-3d=files:11/age:1468min/delivered-quiet | tools/build-gallery.mjs=files:1/age:535min/delivered-quiet | changed:none | stalled:none
[2026-10-06 08:23:51 CST] targets=99 changed=0 stalled=none | no in-flight wave (waves 1-10 all delivered per PROGRESS.md); changed targets vs prev: none; build-gallery.mjs age 565min, expected post-delivery quiet
[2026-10-06 23:54:11] STALLED=none; active-theory:delivered-quiet; admin-calendar-3d:delivered-quiet; admin-dashboard-3d:delivered-quiet; admin-kanban-3d:delivered-quiet; admin-login-3d:delivered-quiet; baby-brand-page:delivered-quiet; bank-page:delivered-quiet; beauty-clinic-page:delivered-quiet; bike-page:delivered-quiet; bruno-simon:delivered-quiet; camera-page:delivered-quiet; campaign-page:delivered-quiet; campgear-page:delivered-quiet; car-ev-page:delivered-quiet; careers-3d:delivered-quiet; cart-fly-3d:delivered-quiet; carwash-page:delivered-quiet; cleaning-page:delivered-quiet; cloud-page:delivered-quiet; code-typing-3d:delivered-quiet; coffee-brand-page:delivered-quiet; collection-showcase:delivered-quiet; company-hero-3d:delivered-quiet; company-home:delivered-quiet; company-timeline-3d:delivered-quiet; counseling-page:delivered-quiet; cowork-page:delivered-quiet; craftbeer-page:delivered-quiet; cta-finale-3d:delivered-quiet; culture-values-3d:delivered-quiet; dating-page:delivered-quiet; docs-home:delivered-quiet; edu-academy-page:delivered-quiet; eldercare-page:delivered-quiet; esports-page:delivered-quiet; evcharge-page:delivered-quiet; eyewear-page:delivered-quiet; farmfresh-page:delivered-quiet; feature-showcase-3d:delivered-quiet; flashcards-3d:delivered-quiet; florist-page:delivered-quiet; formula-derive-3d:delivered-quiet; gym-page:delivered-quiet; hotel-page:delivered-quiet; igloo:delivered-quiet; instrument-page:delivered-quiet; insurance-page:delivered-quiet; interior-page:delivered-quiet; jewelry-page:delivered-quiet; jobs-page:delivered-quiet; kidspark-page:delivered-quiet; lab-experiment-3d:delivered-quiet; launch-countdown-3d:delivered-quiet; launch-page:delivered-quiet; lawfirm-page:delivered-quiet; lead-magnet-3d:delivered-quiet; lesson-steps-3d:delivered-quiet; locomotive:delivered-quiet; logistics-page:delivered-quiet; lookbook-scroll:delivered-quiet; lusion:delivered-quiet; ops-monitor-3d:delivered-quiet; outdoor-page:delivered-quiet; pet-page:delivered-quiet; portfolio-page:delivered-quiet; pricing-3d:delivered-quiet; product-compare:delivered-quiet; product-configurator:delivered-quiet; product-hero-3d:delivered-quiet; product-launch-hero-3d:delivered-quiet; product-viewer-lite:delivered-quiet; quiz-check-3d:delivered-quiet; realestate-page:delivered-quiet; resale-page:delivered-quiet; restaurant-page:delivered-quiet; saas-landing:delivered-quiet; salon-page:delivered-quiet; scriptmurder-page:delivered-quiet; security-page:delivered-quiet; shots:delivered-quiet; ski-page:delivered-quiet; smarthome-page:delivered-quiet; sportswear-page:delivered-quiet; store-home:delivered-quiet; studiofreight:delivered-quiet; swim-page:delivered-quiet; tea-brand-page:delivered-quiet; team-showcase-3d:delivered-quiet; teaser-reveal-3d:delivered-quiet; testimonial-3d:delivered-quiet; timeline-lesson-3d:delivered-quiet; tools:delivered-quiet; tools/build-gallery.mjs:delivered-quiet; travel-page:delivered-quiet; unboxing-scroll:delivered-quiet; watch-brand-page:delivered-quiet; wedding-photo-page:delivered-quiet; wedding-plan-page:delivered-quiet; whiteboard-derive-3d:delivered-quiet
2026-10-07 00:23:31 no-inflight-wave | all quiet (no change vs prev snapshot) | gallery=90 sets
2026-10-07 00:53:56 CST | in-flight wave: none (1-10 delivered) | watched: 4 dirs + build-gallery.mjs all delivered-quiet, unchanged vs prev snapshot | STALLED: none
2026-10-07 01:26:56 watch: culture-values-3d delivered-quiet | careers-3d delivered-quiet | teaser-reveal-3d delivered-quiet | lead-magnet-3d delivered-quiet | build-gallery.mjs delivered-quiet | STALLED: none | waves 1-10 done, no new wave
2026-10-07 01:56:38 in-flight: none (waves 1-10 delivered) | stalled: none | build-gallery.mjs unchanged
2026-10-07 02:23:43 CST | note=wave1-10全部交付无新波次在飞 | tracked: culture-values-3d/careers-3d/teaser-reveal-3d/lead-magnet-3d/tools-build-gallery.mjs 均无变化 | STALLED=无
2026-10-07 02:54:04 changed=0 none stalled=none note=delivered-quiet
2026-10-07 03:26:54 CST | in-flight wave: none (waves 1-10 all delivered) | watched: culture-values-3d/careers-3d/teaser-reveal-3d/lead-magnet-3d/build-gallery.mjs all delivered-quiet, unchanged vs prev snapshot | STALLED: none
2026-10-07 03:57:08 all_targets=unchanged stalled=none (waves 1-10 delivered 2026-10-05, no new wave in flight)
2026-10-07 04:49:12 targets=5 changed=0 stalled=0 note=no-new-wave-quiet-expected
2026-10-07T13:23+08:00 wave=none-in-flight | culture-values-3d ok-quiet | careers-3d ok-quiet | teaser-reveal-3d ok-quiet | lead-magnet-3d ok-quiet | build-gallery.mjs ok-quiet | STALLED=0
2026-10-07 13:53 CST fx-lab-watch: no in-flight wave (waves 1-10 all delivered); watched: culture-values-3d/careers-3d/teaser-reveal-3d/lead-magnet-3d/build-gallery.mjs all delivered-quiet, unchanged vs prev snapshot | STALLED: none
2026-10-07 06:23:12 UTC OK: culture-values-3d(files=15,age_min=3296) careers-3d(files=13,age_min=3309) teaser-reveal-3d(files=13,age_min=3296) lead-magnet-3d(files=11,age_min=3296) tools/build-gallery.mjs(age_min=2364); waves 1-10 all delivered per PROGRESS.md, quiet expected post-delivery, no STALLED
2026-10-07 06:53:13 wave2x4+build-gallery.mjs unchanged (mtime identical to prev snapshot); waves 1-10 all delivered per PROGRESS.md, no wave in flight; quiet expected, STALLED=0
2026-10-07 07:23:52 UTC dirs: culture-values-3d(15f,3357min) careers-3d(13f,3370min) teaser-reveal-3d(13f,3357min) lead-magnet-3d(11f,3357min) tools/build-gallery.mjs(1f,2425min); snapshot-unchanged, all waves 1-10 delivered -> expected quiet, 0 STALLED
2026-10-07 07:57:13 | culture-values-3d age=3390min files=15 | careers-3d age=3403min files=13 | teaser-reveal-3d age=3390min files=13 | lead-magnet-3d age=3390min files=11 | build-gallery.mjs age=2458min files=1 | STALLED=none | note: waves 1-10 delivered, no new wave in flight, expected post-delivery quiet
2026-10-07 16:23 CST | culture-values-3d QUIET(3416min) careers-3d QUIET(3429min) teaser-reveal-3d QUIET(3416min) lead-magnet-3d QUIET(3417min) build-gallery.mjs QUIET(2484min) | all waves 1-10 delivered, no wave in flight -> no STALLED
2026-10-07 08:53:23 CST | culture-values-3d OK(unchanged) careers-3d OK(unchanged) teaser-reveal-3d OK(unchanged) lead-magnet-3d OK(unchanged) build-gallery.mjs OK(unchanged) | stalled: none (waves 1-10 all delivered, quiet expected)
2026-10-07 17:23 CST | culture-values-3d QUIET(3476min) careers-3d QUIET(3489min) teaser-reveal-3d QUIET(3476min) lead-magnet-3d QUIET(3476min) build-gallery.mjs QUIET(2544min) | snapshot unchanged vs prev; waves 1-10 delivered, no wave in flight -> no STALLED
2026-10-07 09:53:17 [fx-lab-watch] targets=culture-values-3d,careers-3d,teaser-reveal-3d,lead-magnet-3d,tools/build-gallery.mjs | all unchanged since last round | STALLED=0 (waves 1-10 delivered per PROGRESS.md, expected quiet)
2026-10-07 10:23:14 | culture-values-3d ok(3536min) careers-3d ok(3549min) teaser-reveal-3d ok(3536min) lead-magnet-3d ok(3536min) build-gallery.mjs ok(2604min) | STALLED: none | waves 1-10 all delivered 2026-10-05, no new wave in flight, quiet expected
2026-10-07 10:53:13 | culture-values-3d OK | careers-3d OK | teaser-reveal-3d OK | lead-magnet-3d OK | tools/build-gallery.mjs OK | STALLED: none (waves 1-10 all delivered, no new wave in flight; post-delivery quiet expected)
2026-10-07 19:23:11 CST | culture-values-3d:15f/44.3h QUIET | careers-3d:13f/44.4h QUIET | teaser-reveal-3d:13f/44.3h QUIET | lead-magnet-3d:11f/44.3h QUIET | tools/build-gallery.mjs:1f/44.4h QUIET | stalled: none (all waves delivered, post-delivery quiet expected)
2026-10-07 11:53:20 CST | culture-values-3d QUIET(3626min) careers-3d QUIET(3639min) teaser-reveal-3d QUIET(3626min) lead-magnet-3d QUIET(3626min) build-gallery.mjs QUIET(2694min) | snapshot unchanged vs prev; waves 1-10 delivered, no wave in flight -> no STALLED
2026-10-07 20:23:36 CST | culture-values-3d QUIET(3656min) careers-3d QUIET(3669min) teaser-reveal-3d QUIET(3657min) lead-magnet-3d QUIET(3657min) build-gallery.mjs QUIET(2724min) | snapshot unchanged vs prev; waves 1-10 delivered, no wave in flight -> no STALLED
2026-10-07 12:53:27 OK careers-3d files=13 age=3699m | culture-values-3d files=15 age=3686m | lead-magnet-3d files=11 age=3687m | teaser-reveal-3d files=13 age=3686m | build-gallery.mjs files=1 age=2754m | changed=none | STALLED=none (all waves 1-10 delivered, no new wave in flight)
2026-10-07 21:23:02 CST | culture-values-3d QUIET(3686min) careers-3d QUIET(3699min) teaser-reveal-3d QUIET(3686min) lead-magnet-3d QUIET(3687min) build-gallery.mjs QUIET(2754min) | snapshot unchanged vs prev; waves 1-10 delivered, no wave in flight -> no STALLED
2026-10-07 13:56:51 UTC culture-values-3d:ok(15f,62h quiet) careers-3d:ok(13f,62h quiet) teaser-reveal-3d:ok(13f,62h quiet) lead-magnet-3d:ok(11f,62h quiet) build-gallery.mjs:ok(1f,47h quiet) stalled:0 waves1-10-delivered-expected-quiet
2026-10-07T14:25:45Z all-ok: culture-values-3d/careers-3d/teaser-reveal-3d/lead-magnet-3d + tools/build-gallery.mjs unchanged vs prev snapshot; waves 1-10 delivered, no new wave in flight; 0 STALLED
2026-10-07 14:59:08 culture-values-3d:OK(安静交付) careers-3d:OK(安静交付) teaser-reveal-3d:OK(安静交付) lead-magnet-3d:OK(安静交付) build-gallery.mjs:OK(安静交付) STALLED=none
2026-10-07 15:23:18 CST | targets=4 dirs + build-gallery.mjs | changed=none | stalled=none | note=waves 1-10 delivered (90 sets), no wave in flight, post-delivery quiet expected
2026-10-07 15:53:19 | culture-values-3d:OK(15f,age3866min) careers-3d:OK(13f,age3879min) teaser-reveal-3d:OK(13f,age3866min) lead-magnet-3d:OK(11f,age3866min) build-gallery.mjs:OK(age2934min) | STALLED=none; waves 1-10 delivered, post-delivery quiet expected
2026-10-07 16:23:25 wave2x4+gallery OK(unchanged,0 STALLED): culture-values-3d 15f/3896m careers-3d 13f/3909m teaser-reveal-3d 13f/3896m lead-magnet-3d 11f/3897m build-gallery.mjs 2964m; waves1-10 delivered, no new wave, quiet expected
2026-10-08 00:53 CST | all-targets-quiet-post-delivery | culture-values-3d:15f/3926min careers-3d:13f/3939min teaser-reveal-3d:13f/3926min lead-magnet-3d:11f/3927min tools/build-gallery.mjs:2994min | stalled=none (waves 1-10 delivered, no new wave in flight)
2026-10-08 01:23 CST | all-targets-quiet-post-delivery | culture-values-3d:15f/3956min careers-3d:13f/3969min teaser-reveal-3d:13f/3956min lead-magnet-3d:11f/3956min tools/build-gallery.mjs:3024min | stalled=none (waves 1-10 delivered 90 sets, no new wave in flight)
2026-10-08 01:53 CST | culture-values-3d=15f ok(quiet) | careers-3d=13f ok(quiet) | lead-magnet-3d=11f ok(quiet) | teaser-reveal-3d=13f ok(quiet) | build-gallery.mjs=1f ok(quiet) | stalled=none | note: waves 1-10 all delivered 2026-10-05, no new wave in flight, quiet expected
2026-10-07 18:23:18 UTC  culture-values-3d=ok(15f,1791156396) careers-3d=ok(13f,1791155623) teaser-reveal-3d=ok(13f,1791156392) lead-magnet-3d=ok(11f,1791156374) build-gallery.mjs=ok(1791212307) changed=none stalled=none note=delivered-quiet-expected
2026-10-07 18:53:18 | OK (no STALLED; all waves 1-10 delivered per PROGRESS.md, no new wave in flight; targets unchanged vs prev snapshot: 4 dirs mtimes/files identical, build-gallery.mjs identical)
2026-10-08 03:23 CST | OK (no STALLED; waves 1-10 all delivered per PROGRESS.md, no new wave in flight; tracked targets unchanged vs prev snapshot: culture-values-3d=15f/1791156396, careers-3d=13f/1791155623, teaser-reveal-3d=13f/1791156392, lead-magnet-3d=11f/1791156374, build-gallery.mjs=1791212307; ~68h quiet expected post-delivery)
2026-10-07T19:53:15Z | culture-values-3d:15f/m1791156396 OK-quiet | careers-3d:13f/m1791155623 OK-quiet | teaser-reveal-3d:13f/m1791156392 OK-quiet | lead-magnet-3d:11f/m1791156374 OK-quiet | build-gallery.mjs:1f/m1791212307 OK-quiet | stalled=NONE | note=waves1-10 delivered, no new wave
2026-10-08 04:23 CST | OK (no STALLED; waves 1-10 all delivered per PROGRESS.md, no new wave in flight; tracked targets unchanged vs prev snapshot: culture-values-3d=15f/1791156396, careers-3d=13f/1791155623, teaser-reveal-3d=13f/1791156392, lead-magnet-3d=11f/1791156374, build-gallery.mjs=1791212307; ~69h quiet expected post-delivery)
2026-10-08 04:53 CST | OK (no STALLED; waves 1-10 all delivered per PROGRESS.md, no new wave in flight; tracked targets unchanged vs prev snapshot: culture-values-3d=15f/1791156396, careers-3d=13f/1791155623, teaser-reveal-3d=13f/1791156392, lead-magnet-3d=11f/1791156374, build-gallery.mjs=1791212307; ~70h quiet expected post-delivery)
2026-10-08 05:23 CST | OK (no STALLED; waves 1-10 all delivered per PROGRESS.md, no new wave in flight; tracked targets unchanged vs prev snapshot: culture-values-3d=15f/1791156396, careers-3d=13f/1791155623, teaser-reveal-3d=13f/1791156392, lead-magnet-3d=11f/1791156374, build-gallery.mjs=1791212307; ~70h quiet expected post-delivery)
2026-10-07 21:53:18 OK: culture-values-3d(files=15,unchanged) careers-3d(files=13,unchanged) teaser-reveal-3d(files=13,unchanged) lead-magnet-3d(files=11,unchanged) build-gallery.mjs(unchanged) | waves 1-10 delivered per PROGRESS.md, quiet expected, STALLED none
2026-10-08 06:23 CST | culture-values-3d:OK(15 files, mtime unchanged) | careers-3d:OK(13, unchanged) | teaser-reveal-3d:OK(13, unchanged) | lead-magnet-3d:OK(11, unchanged) | tools/build-gallery.mjs:OK(unchanged) | STALLED: none (waves 1-10 delivered, post-delivery quiet expected)
2026-10-08 06:53:48 CST | all quiet (no changes vs prev snapshot) | culture-values-3d mtime 1791156396 (4286min) | careers-3d 1791155623 (4299min) | teaser-reveal-3d 1791156392 (4286min) | lead-magnet-3d 1791156374 (4287min) | build-gallery.mjs 1791212307 (3355min) | PROGRESS: waves 1-10 delivered, no new wave | STALLED: none
2026-10-08 07:23:02 CST | culture-values-3d:15f/quiet lead-magnet-3d:11f/quiet teaser-reveal-3d:13f/quiet careers-3d:13f/quiet build-gallery.mjs:1f/quiet | waves 1-10 all delivered, no STALLED (expected post-delivery quiet)
2026-10-07 23:53:36 OK | culture-values-3d(15) careers-3d(13) teaser-reveal-3d(13) lead-magnet-3d(11) build-gallery.mjs(1) | all unchanged vs prev snapshot | waves 1-10 delivered, no STALLED
2026-10-08 00:23:33 OK cv3d=15 cr3d=13 tm3d=13 lm3d=11 gallery-mjs unchanged, changed=0 stalled=0 (waves 1-10 delivered, no new wave)
2026-10-08 00:53:46 UTC | 4 dirs + build-gallery.mjs all unchanged vs prev snapshot; waves 1-10 delivered (90 sets, 2026-10-05), no new wave in flight; STALLED=none (post-delivery quiet expected)
2026-10-08 09:23:42 CST | culture-values-3d:15f/mtime1791156396 OK-quiet | careers-3d:13f/mtime1791155623 OK-quiet | teaser-reveal-3d:13f/mtime1791156392 OK-quiet | lead-magnet-3d:11f/mtime1791156374 OK-quiet | tools/build-gallery.mjs:mtime1791212307 OK-quiet | STALLED=0 (waves 1-10 all delivered, no new wave in flight)
2026-10-08 01:53:25 UTC OK culture-values-3d(15,1791156396) careers-3d(13,1791155623) teaser-reveal-3d(13,1791156392) lead-magnet-3d(11,1791156374) build-gallery.mjs(1791212307) | stalled=none
2026-10-08 02:23:30 UTC | time=1791426210 | stalled=[] | culture-values-3d:15f/1791156396 careers-3d:13f/1791155623 teaser-reveal-3d:13f/1791156392 lead-magnet-3d:11f/1791156374 build-gallery.mjs:1f/1791212307 | waves 1-10 delivered, no new wave in flight, expected quiet
2026-10-08 02:53:39 无在飞波次（1-10波全部交付，PROGRESS.md已全[x]）；跟踪5目标与上轮快照完全一致（文件数/mtime无变化）：culture-values-3d 15/1791156396、careers-3d 13/1791155623、teaser-reveal-3d 13/1791156392、lead-magnet-3d 11/1791156374、build-gallery.mjs 1/1791212307。交付后预期安静，STALLED=0。
2026-10-08 11:23 CST | culture-values-3d OK(15f,75.9h quiet) careers-3d OK(13f) teaser-reveal-3d OK(13f) lead-magnet-3d OK(11f) build-gallery.mjs OK(1f) | no changes vs prev snapshot; waves 1-10 all delivered, no wave in flight; STALLED=0
2026-10-08 11:53 CST | culture-values-3d:OK careers-3d:OK teaser-reveal-3d:OK lead-magnet-3d:OK build-gallery.mjs:OK | stalled=none (no new wave in flight; waves 1-10 delivered, post-delivery quiet expected)
2026-10-08 12:24 CST | culture-values-3d OK(15f,77h ago) careers-3d OK(13f,77h ago) teaser-reveal-3d OK(13f,77h ago) lead-magnet-3d OK(11f,77h ago) build-gallery.mjs OK(3d ago) | STALLED=0 | waves 1-10 all delivered, no new wave, quiet expected post-delivery
2026-10-08 12:53:11 CST | culture-values-3d:15 files mtime 2026-10-05 | careers-3d:13 files mtime 2026-10-05 | teaser-reveal-3d:13 files mtime 2026-10-05 | lead-magnet-3d:11 files mtime 2026-10-05 | tools/build-gallery.mjs mtime 2026-10-06 | changed: none | stalled: none | PROGRESS.md: waves 1-10 all delivered, no in-flight wave, post-delivery quiet expected
[2026-10-08 13:23 CST] in-flight: none (waves 1-10 all 9/9 delivered 2026-10-05) | culture-values-3d=15f/OK-delivered-quiet, careers-3d=13f/OK-delivered-quiet, teaser-reveal-3d=13f/OK-delivered-quiet, lead-magnet-3d=11f/OK-delivered-quiet, build-gallery.mjs=1f/OK-delivered-quiet | snapshot unchanged vs prev (files+mtimes identical) | STALLED: none
2026-10-08 05:54:05 UTC OK: culture-values-3d(15,unchanged) careers-3d(13,unchanged) teaser-reveal-3d(13,unchanged) lead-magnet-3d(11,unchanged) build-gallery.mjs(unchanged) stalled=[] note=waves1-10-delivered-no-new-wave
[2026-10-08 14:24 CST] culture-values-3d:15f quiet | careers-3d:13f quiet | teaser-reveal-3d:13f quiet | lead-magnet-3d:11f quiet | build-gallery.mjs:1f quiet | changed=0 stalled=0 | no new wave in flight (waves 1-10 delivered)
